// Jest Snapshot v1, https://goo.gl/fbAQLP

exports[`<ResourceGuesser /> renders with create 1`] = `
<Resource
  create={[Function]}
  edit={[Function]}
  list={[Function]}
  name="dummy"
  show={[Function]}
/>
`;

exports[`<ResourceGuesser /> renders with edit 1`] = `
<Resource
  create={[Function]}
  edit={[Function]}
  list={[Function]}
  name="dummy"
  show={[Function]}
/>
`;

exports[`<ResourceGuesser /> renders with list 1`] = `
<Resource
  create={[Function]}
  edit={[Function]}
  list={[Function]}
  name="dummy"
  show={[Function]}
/>
`;

exports[`<ResourceGuesser /> renders with show 1`] = `
<Resource
  create={[Function]}
  edit={[Function]}
  list={[Function]}
  name="dummy"
  show={[Function]}
/>
`;

exports[`<ResourceGuesser /> renders without create 1`] = `
<Resource
  create={[Function]}
  edit={[Function]}
  list={[Function]}
  name="dummy"
  show={[Function]}
/>
`;

exports[`<ResourceGuesser /> renders without edit 1`] = `
<Resource
  create={[Function]}
  edit={[Function]}
  list={[Function]}
  name="dummy"
  show={[Function]}
/>
`;

exports[`<ResourceGuesser /> renders without list 1`] = `
<Resource
  create={[Function]}
  edit={[Function]}
  list={[Function]}
  name="dummy"
  show={[Function]}
/>
`;

exports[`<ResourceGuesser /> renders without show 1`] = `
<Resource
  create={[Function]}
  edit={[Function]}
  list={[Function]}
  name="dummy"
  show={[Function]}
/>
`;
